{
  "parallel": "16m 36s",
  "perAgent": {
    "any": "1h 6m 24s",
  },
  "total": "1h 6m 24s",
}