{
  "parallel": "31m 50s",
  "perAgent": {
    "any": "2h 7m 20s",
  },
  "total": "2h 7m 20s",
}