{
  "parallel": "46m 18s",
  "perAgent": {
    "any": "3h 5m 12s",
  },
  "total": "3h 5m 12s",
}