{
  "parallel": "23m 3s",
  "perAgent": {
    "any": "1h 32m 12s",
  },
  "total": "1h 32m 12s",
}