{
  "parallel": "54m 53s",
  "perAgent": {
    "any": "3h 39m 32s",
  },
  "total": "3h 39m 32s",
}